// Jest Snapshot v1, https://goo.gl/fbAQLP

exports[`IndexList IndexListItem初期値: t 1`] = `
"<div><a href=\\"#anchor_1\\" class=\\"index-list-item\\">
    1.この文章はダミーです。
  </a></div>"
`;
